
> keeper-journal@0.1.0 build
> next build

Ôû▓ Next.js 16.2.3 (Turbopack)
- Environments: .env.local

  Creating an optimized production build ...
Ô£ô Compiled successfully in 3.0s
  Running TypeScript ...
  Finished TypeScript in 83ms ...
  Collecting page data using 7 workers ...
  Generating static pages using 7 workers (0/6) ...
  Generating static pages using 7 workers (1/6) 
  Generating static pages using 7 workers (2/6) 
node.exe : Error occurred 
prerendering page 
"/_not-found". Read more: htt
ps://nextjs.org/docs/messages
/prerender-error
At C:\Users\udunn\AppData\Roa
ming\npm\npm.ps1:24 char:5
+     & "node$exe"  "$basedir
/node_modules/npm/bin/npm-cli
.js" $args
+     ~~~~~~~~~~~~~~~~~~~~~~~
~~~~~~~~~~~~~~~~~~~~~~~~~~~~~
~~~~~~~~~~
    + CategoryInfo           
   : NotSpecified: (Error o  
  ccurred ...prerender-err   
 or:String) [], RemoteExc    
eption
    + FullyQualifiedErrorId  
   : NativeCommandError
 
TypeError: Cannot read 
properties of undefined 
(reading 'toString')
    at ignore-listed frames {
  digest: '4280510824'
}
Export encountered an error 
on /_not-found/page: 
/_not-found, exiting the 
build.
Ô¿» Next.js build worker 
exited with code: 1 and 
signal: null
